nohup: ignoring input
Checking for new versions...

Getting ready...
Ready! You are using Stripe API Version [2024-09-30.acacia]. Your webhook signing secret is whsec_dca7ac1b981fcbccbb43023825cdb71fe2e0be5707d1f56553a913c02f18e74c (^C to quit)
2025-08-07 00:02:03   --> payment_method.attached [evt_1RtETHFLC53EHCR61qeK9S7x]
2025-08-07 00:02:03   --> customer.created [evt_1RtETHFLC53EHCR6gzzYSadX]
2025-08-07 00:02:03  <--  [200] POST http://localhost:3001/api/stripe/webhook [evt_1RtETHFLC53EHCR6gzzYSadX]
2025-08-07 00:02:03   --> product.created [evt_1RtETHFLC53EHCR6OJLnIoRv]
2025-08-07 00:02:03  <--  [200] POST http://localhost:3001/api/stripe/webhook [evt_1RtETHFLC53EHCR6OJLnIoRv]
2025-08-07 00:02:03  <--  [200] POST http://localhost:3001/api/stripe/webhook [evt_1RtETHFLC53EHCR61qeK9S7x]
2025-08-07 00:02:04   --> plan.created [evt_1RtETHFLC53EHCR6hIC0xtnk]
2025-08-07 00:02:04  <--  [200] POST http://localhost:3001/api/stripe/webhook [evt_1RtETHFLC53EHCR6hIC0xtnk]
2025-08-07 00:02:04   --> price.created [evt_1RtETHFLC53EHCR6ZvDLFHMJ]
2025-08-07 00:02:04  <--  [200] POST http://localhost:3001/api/stripe/webhook [evt_1RtETHFLC53EHCR6ZvDLFHMJ]
2025-08-07 00:02:06   --> charge.succeeded [evt_3RtETIFLC53EHCR61o5MiZdM]
2025-08-07 00:02:06  <--  [200] POST http://localhost:3001/api/stripe/webhook [evt_3RtETIFLC53EHCR61o5MiZdM]
2025-08-07 00:02:07   --> customer.updated [evt_1RtETKFLC53EHCR6G9qG1B2E]
2025-08-07 00:02:07   --> payment_intent.succeeded [evt_3RtETIFLC53EHCR61hoD4Zpi]
2025-08-07 00:02:07   --> customer.subscription.created [evt_1RtETKFLC53EHCR603ceAehb]
2025-08-07 00:02:07  <--  [200] POST http://localhost:3001/api/stripe/webhook [evt_1RtETKFLC53EHCR6G9qG1B2E]
2025-08-07 00:02:07   --> payment_intent.created [evt_3RtETIFLC53EHCR61fxB1JcZ]
2025-08-07 00:02:07  <--  [200] POST http://localhost:3001/api/stripe/webhook [evt_3RtETIFLC53EHCR61hoD4Zpi]
2025-08-07 00:02:07   --> invoice.created [evt_1RtETLFLC53EHCR6F2BYoNSD]
2025-08-07 00:02:07  <--  [200] POST http://localhost:3001/api/stripe/webhook [evt_3RtETIFLC53EHCR61fxB1JcZ]
2025-08-07 00:02:07  <--  [200] POST http://localhost:3001/api/stripe/webhook [evt_1RtETLFLC53EHCR6F2BYoNSD]
2025-08-07 00:02:07   --> invoice.finalized [evt_1RtETLFLC53EHCR6FvTaWrrJ]
2025-08-07 00:02:07  <--  [200] POST http://localhost:3001/api/stripe/webhook [evt_1RtETLFLC53EHCR6FvTaWrrJ]
2025-08-07 00:02:07  <--  [200] POST http://localhost:3001/api/stripe/webhook [evt_1RtETKFLC53EHCR603ceAehb]
2025-08-07 00:02:07   --> invoice.paid [evt_1RtETLFLC53EHCR6MMNMjVap]
2025-08-07 00:02:07  <--  [200] POST http://localhost:3001/api/stripe/webhook [evt_1RtETLFLC53EHCR6MMNMjVap]
2025-08-07 00:02:07   --> invoice.payment_succeeded [evt_1RtETLFLC53EHCR6sbykv19W]
2025-08-07 00:02:07  <--  [200] POST http://localhost:3001/api/stripe/webhook [evt_1RtETLFLC53EHCR6sbykv19W]
2025-08-07 00:02:08   --> customer.subscription.updated [evt_1RtETLFLC53EHCR6x7Cm2D67]
2025-08-07 00:02:08  <--  [400] POST http://localhost:3001/api/stripe/webhook [evt_1RtETLFLC53EHCR6x7Cm2D67]
2025-08-07 00:02:48   --> invoice_payment.paid [evt_1RtETzFLC53EHCR6fxj9bKl8]
2025-08-07 00:02:48  <--  [200] POST http://localhost:3001/api/stripe/webhook [evt_1RtETzFLC53EHCR6fxj9bKl8]
2025-08-07 00:03:03   --> payment_method.attached [evt_1RtEUFFLC53EHCR6a4XmVjyc]
2025-08-07 00:03:03   --> customer.created [evt_1RtEUFFLC53EHCR6rigxDPHw]
2025-08-07 00:03:03  <--  [200] POST http://localhost:3001/api/stripe/webhook [evt_1RtEUFFLC53EHCR6rigxDPHw]
2025-08-07 00:03:03  <--  [200] POST http://localhost:3001/api/stripe/webhook [evt_1RtEUFFLC53EHCR6a4XmVjyc]
2025-08-07 00:03:03   --> product.created [evt_1RtEUFFLC53EHCR6dydjEyYN]
2025-08-07 00:03:03  <--  [200] POST http://localhost:3001/api/stripe/webhook [evt_1RtEUFFLC53EHCR6dydjEyYN]
2025-08-07 00:03:04   --> plan.created [evt_1RtEUGFLC53EHCR6ZCoi7R9E]
2025-08-07 00:03:04  <--  [200] POST http://localhost:3001/api/stripe/webhook [evt_1RtEUGFLC53EHCR6ZCoi7R9E]
2025-08-07 00:03:04   --> price.created [evt_1RtEUGFLC53EHCR6hKizcbKe]
2025-08-07 00:03:04  <--  [200] POST http://localhost:3001/api/stripe/webhook [evt_1RtEUGFLC53EHCR6hKizcbKe]
2025-08-07 00:03:07   --> charge.succeeded [evt_3RtEUGFLC53EHCR61oAKwt8Z]
2025-08-07 00:03:07  <--  [200] POST http://localhost:3001/api/stripe/webhook [evt_3RtEUGFLC53EHCR61oAKwt8Z]
2025-08-07 00:03:07   --> customer.updated [evt_1RtEUIFLC53EHCR6doEQSg23]
2025-08-07 00:03:07   --> customer.subscription.created [evt_1RtEUIFLC53EHCR6xwdG1NXJ]
2025-08-07 00:03:07  <--  [200] POST http://localhost:3001/api/stripe/webhook [evt_1RtEUIFLC53EHCR6doEQSg23]
2025-08-07 00:03:07   --> payment_intent.succeeded [evt_3RtEUGFLC53EHCR615LuHInG]
2025-08-07 00:03:07   --> payment_intent.created [evt_3RtEUGFLC53EHCR610FWPWPb]
2025-08-07 00:03:07  <--  [200] POST http://localhost:3001/api/stripe/webhook [evt_3RtEUGFLC53EHCR615LuHInG]
2025-08-07 00:03:07   --> invoice.created [evt_1RtEUJFLC53EHCR6ATK6jQTR]
2025-08-07 00:03:07  <--  [200] POST http://localhost:3001/api/stripe/webhook [evt_1RtEUIFLC53EHCR6xwdG1NXJ]
2025-08-07 00:03:07  <--  [200] POST http://localhost:3001/api/stripe/webhook [evt_3RtEUGFLC53EHCR610FWPWPb]
2025-08-07 00:03:07  <--  [200] POST http://localhost:3001/api/stripe/webhook [evt_1RtEUJFLC53EHCR6ATK6jQTR]
2025-08-07 00:03:07   --> invoice.finalized [evt_1RtEUJFLC53EHCR60YrDyPKH]
2025-08-07 00:03:07   --> invoice.paid [evt_1RtEUJFLC53EHCR6wjWaPit8]
2025-08-07 00:03:07  <--  [200] POST http://localhost:3001/api/stripe/webhook [evt_1RtEUJFLC53EHCR60YrDyPKH]
2025-08-07 00:03:07  <--  [200] POST http://localhost:3001/api/stripe/webhook [evt_1RtEUJFLC53EHCR6wjWaPit8]
2025-08-07 00:03:07   --> invoice.payment_succeeded [evt_1RtEUJFLC53EHCR6ZAHnGYEv]
2025-08-07 00:03:08  <--  [200] POST http://localhost:3001/api/stripe/webhook [evt_1RtEUJFLC53EHCR6ZAHnGYEv]
2025-08-07 00:03:08   --> customer.subscription.updated [evt_1RtEUKFLC53EHCR6LPRGbM5S]
2025-08-07 00:03:08  <--  [400] POST http://localhost:3001/api/stripe/webhook [evt_1RtEUKFLC53EHCR6LPRGbM5S]
2025-08-07 00:03:49   --> invoice_payment.paid [evt_1RtEUzFLC53EHCR6gSkpi7Dy]
2025-08-07 00:03:49  <--  [200] POST http://localhost:3001/api/stripe/webhook [evt_1RtEUzFLC53EHCR6gSkpi7Dy]
2025-08-07 03:51:08   --> balance.available [evt_1RtI2yFLC53EHCR6XcdXO990]

2025-08-07 03:51:08            [ERROR] Failed to POST: Post "http://localhost:3001/api/stripe/webhook": dial tcp 127.0.0.1:3001: connect: connection refused

2025-08-07 13:36:36   --> payment_method.attached [evt_1RtRBYFLC53EHCR6OyqyuBIM]
2025-08-07 13:36:36   --> customer.created [evt_1RtRBYFLC53EHCR6EMLvH504]
2025-08-07 13:36:37   --> product.created [evt_1RtRBYFLC53EHCR6Ipxro8Ms]
2025-08-07 13:36:37  <--  [200] POST http://localhost:3001/api/stripe/webhook [evt_1RtRBYFLC53EHCR6EMLvH504]
2025-08-07 13:36:37  <--  [200] POST http://localhost:3001/api/stripe/webhook [evt_1RtRBYFLC53EHCR6Ipxro8Ms]
2025-08-07 13:36:37  <--  [200] POST http://localhost:3001/api/stripe/webhook [evt_1RtRBYFLC53EHCR6OyqyuBIM]
2025-08-07 13:36:37   --> plan.created [evt_1RtRBZFLC53EHCR6Xd50p38A]
2025-08-07 13:36:37   --> price.created [evt_1RtRBZFLC53EHCR6EpOybVNI]
2025-08-07 13:36:37  <--  [200] POST http://localhost:3001/api/stripe/webhook [evt_1RtRBZFLC53EHCR6Xd50p38A]
2025-08-07 13:36:37  <--  [200] POST http://localhost:3001/api/stripe/webhook [evt_1RtRBZFLC53EHCR6EpOybVNI]
2025-08-07 13:36:40   --> charge.succeeded [evt_3RtRBaFLC53EHCR606OMY7Py]
2025-08-07 13:36:40  <--  [200] POST http://localhost:3001/api/stripe/webhook [evt_3RtRBaFLC53EHCR606OMY7Py]
2025-08-07 13:36:40   --> customer.updated [evt_1RtRBcFLC53EHCR6LTHLT8Dr]
2025-08-07 13:36:40   --> customer.subscription.created [evt_1RtRBcFLC53EHCR6tFj2lOak]
2025-08-07 13:36:40   --> payment_intent.succeeded [evt_3RtRBaFLC53EHCR605ZPjwBm]
2025-08-07 13:36:40  <--  [200] POST http://localhost:3001/api/stripe/webhook [evt_1RtRBcFLC53EHCR6LTHLT8Dr]
2025-08-07 13:36:40  <--  [200] POST http://localhost:3001/api/stripe/webhook [evt_3RtRBaFLC53EHCR605ZPjwBm]
2025-08-07 13:36:40   --> payment_intent.created [evt_3RtRBaFLC53EHCR60QKNN9TS]
2025-08-07 13:36:41  <--  [200] POST http://localhost:3001/api/stripe/webhook [evt_3RtRBaFLC53EHCR60QKNN9TS]
2025-08-07 13:36:41   --> invoice.created [evt_1RtRBcFLC53EHCR6hipXZWUM]
2025-08-07 13:36:41  <--  [200] POST http://localhost:3001/api/stripe/webhook [evt_1RtRBcFLC53EHCR6tFj2lOak]
2025-08-07 13:36:41   --> invoice.finalized [evt_1RtRBcFLC53EHCR6SHYxsse2]
2025-08-07 13:36:41  <--  [200] POST http://localhost:3001/api/stripe/webhook [evt_1RtRBcFLC53EHCR6hipXZWUM]
2025-08-07 13:36:41  <--  [200] POST http://localhost:3001/api/stripe/webhook [evt_1RtRBcFLC53EHCR6SHYxsse2]
2025-08-07 13:36:41   --> invoice.payment_succeeded [evt_1RtRBdFLC53EHCR6Tj8Spptj]
2025-08-07 13:36:41  <--  [200] POST http://localhost:3001/api/stripe/webhook [evt_1RtRBdFLC53EHCR6Tj8Spptj]
2025-08-07 13:36:41   --> customer.subscription.updated [evt_1RtRBdFLC53EHCR6A31WcPqn]
2025-08-07 13:36:42  <--  [400] POST http://localhost:3001/api/stripe/webhook [evt_1RtRBdFLC53EHCR6A31WcPqn]
2025-08-07 13:36:42   --> invoice.paid [evt_1RtRBcFLC53EHCR66nuYmWgP]
2025-08-07 13:36:42  <--  [200] POST http://localhost:3001/api/stripe/webhook [evt_1RtRBcFLC53EHCR66nuYmWgP]
2025-08-07 13:36:51   --> product.created [evt_1RtRBnFLC53EHCR6wgQY2mJq]
2025-08-07 13:36:51  <--  [200] POST http://localhost:3001/api/stripe/webhook [evt_1RtRBnFLC53EHCR6wgQY2mJq]
2025-08-07 13:36:52   --> price.created [evt_1RtRBnFLC53EHCR62lvYeo5Z]
2025-08-07 13:36:52  <--  [200] POST http://localhost:3001/api/stripe/webhook [evt_1RtRBnFLC53EHCR62lvYeo5Z]
2025-08-07 13:36:54   --> charge.succeeded [evt_3RtRBpFLC53EHCR60yXwtBe8]
2025-08-07 13:36:54  <--  [200] POST http://localhost:3001/api/stripe/webhook [evt_3RtRBpFLC53EHCR60yXwtBe8]
2025-08-07 13:36:54   --> payment_intent.succeeded [evt_3RtRBpFLC53EHCR60rVSxkOx]
2025-08-07 13:36:54   --> checkout.session.completed [evt_1RtRBqFLC53EHCR6ETsoD8l4]
2025-08-07 13:36:54   --> payment_intent.created [evt_3RtRBpFLC53EHCR60Pwx7KZO]
2025-08-07 13:36:54  <--  [200] POST http://localhost:3001/api/stripe/webhook [evt_3RtRBpFLC53EHCR60rVSxkOx]
2025-08-07 13:36:54  <--  [200] POST http://localhost:3001/api/stripe/webhook [evt_3RtRBpFLC53EHCR60Pwx7KZO]
2025-08-07 13:36:54  <--  [200] POST http://localhost:3001/api/stripe/webhook [evt_1RtRBqFLC53EHCR6ETsoD8l4]
2025-08-07 13:36:57   --> charge.updated [evt_3RtRBpFLC53EHCR60Tjv6LPB]
2025-08-07 13:36:57  <--  [200] POST http://localhost:3001/api/stripe/webhook [evt_3RtRBpFLC53EHCR60Tjv6LPB]
2025-08-07 13:37:15   --> invoice_payment.paid [evt_1RtRCBFLC53EHCR6z5KtERi7]
2025-08-07 13:37:15  <--  [200] POST http://localhost:3001/api/stripe/webhook [evt_1RtRCBFLC53EHCR6z5KtERi7]
2025-08-07 13:40:25   --> payment_method.attached [evt_1RtRFEFLC53EHCR6IpOCrXCq]
2025-08-07 13:40:25   --> customer.created [evt_1RtRFEFLC53EHCR60lc8NTlv]
2025-08-07 13:40:25  <--  [200] POST http://localhost:3001/api/stripe/webhook [evt_1RtRFEFLC53EHCR60lc8NTlv]
2025-08-07 13:40:25   --> product.created [evt_1RtRFFFLC53EHCR6n9D6hQPA]
2025-08-07 13:40:25  <--  [200] POST http://localhost:3001/api/stripe/webhook [evt_1RtRFFFLC53EHCR6n9D6hQPA]
2025-08-07 13:40:25  <--  [200] POST http://localhost:3001/api/stripe/webhook [evt_1RtRFEFLC53EHCR6IpOCrXCq]
2025-08-07 13:40:25   --> plan.created [evt_1RtRFFFLC53EHCR6kiMtvlNI]
2025-08-07 13:40:25  <--  [200] POST http://localhost:3001/api/stripe/webhook [evt_1RtRFFFLC53EHCR6kiMtvlNI]
2025-08-07 13:40:25   --> price.created [evt_1RtRFFFLC53EHCR6vUEICzv1]
2025-08-07 13:40:25  <--  [200] POST http://localhost:3001/api/stripe/webhook [evt_1RtRFFFLC53EHCR6vUEICzv1]
2025-08-07 13:40:28   --> charge.succeeded [evt_3RtRFGFLC53EHCR60TARJrQy]
2025-08-07 13:40:28  <--  [200] POST http://localhost:3001/api/stripe/webhook [evt_3RtRFGFLC53EHCR60TARJrQy]
2025-08-07 13:40:28   --> customer.updated [evt_1RtRFIFLC53EHCR6WFv112iN]
2025-08-07 13:40:29  <--  [200] POST http://localhost:3001/api/stripe/webhook [evt_1RtRFIFLC53EHCR6WFv112iN]
2025-08-07 13:40:29   --> customer.subscription.created [evt_1RtRFIFLC53EHCR6OEiZzFF6]
2025-08-07 13:40:29   --> payment_intent.succeeded [evt_3RtRFGFLC53EHCR60cyUNh55]
2025-08-07 13:40:29   --> payment_intent.created [evt_3RtRFGFLC53EHCR609v3bhue]
2025-08-07 13:40:29  <--  [200] POST http://localhost:3001/api/stripe/webhook [evt_3RtRFGFLC53EHCR60cyUNh55]
2025-08-07 13:40:29  <--  [200] POST http://localhost:3001/api/stripe/webhook [evt_3RtRFGFLC53EHCR609v3bhue]
2025-08-07 13:40:29  <--  [200] POST http://localhost:3001/api/stripe/webhook [evt_1RtRFIFLC53EHCR6OEiZzFF6]
2025-08-07 13:40:29   --> invoice.created [evt_1RtRFJFLC53EHCR6enwDJEZt]
2025-08-07 13:40:29   --> invoice.finalized [evt_1RtRFJFLC53EHCR6pI4K1Z7k]
2025-08-07 13:40:29  <--  [200] POST http://localhost:3001/api/stripe/webhook [evt_1RtRFJFLC53EHCR6enwDJEZt]
2025-08-07 13:40:29  <--  [200] POST http://localhost:3001/api/stripe/webhook [evt_1RtRFJFLC53EHCR6pI4K1Z7k]
2025-08-07 13:40:29   --> invoice.paid [evt_1RtRFJFLC53EHCR6NyMKSlR0]
2025-08-07 13:40:29   --> invoice.payment_succeeded [evt_1RtRFJFLC53EHCR65E04vuKy]
2025-08-07 13:40:29  <--  [200] POST http://localhost:3001/api/stripe/webhook [evt_1RtRFJFLC53EHCR6NyMKSlR0]
2025-08-07 13:40:29  <--  [200] POST http://localhost:3001/api/stripe/webhook [evt_1RtRFJFLC53EHCR65E04vuKy]
2025-08-07 13:40:30   --> customer.subscription.updated [evt_1RtRFKFLC53EHCR6KIo2orI0]
2025-08-07 13:40:30  <--  [400] POST http://localhost:3001/api/stripe/webhook [evt_1RtRFKFLC53EHCR6KIo2orI0]
2025-08-07 13:40:43   --> product.created [evt_1RtRFXFLC53EHCR6NsiAoKD1]
2025-08-07 13:40:43  <--  [200] POST http://localhost:3001/api/stripe/webhook [evt_1RtRFXFLC53EHCR6NsiAoKD1]
2025-08-07 13:40:44   --> price.created [evt_1RtRFXFLC53EHCR6318gZUpl]
2025-08-07 13:40:44  <--  [200] POST http://localhost:3001/api/stripe/webhook [evt_1RtRFXFLC53EHCR6318gZUpl]
2025-08-07 13:40:47   --> charge.succeeded [evt_3RtRFZFLC53EHCR61jP21wbM]
2025-08-07 13:40:47  <--  [200] POST http://localhost:3001/api/stripe/webhook [evt_3RtRFZFLC53EHCR61jP21wbM]
2025-08-07 13:40:48   --> checkout.session.completed [evt_1RtRFbFLC53EHCR602J8X3GV]
2025-08-07 13:40:48   --> payment_intent.succeeded [evt_3RtRFZFLC53EHCR61U7aaTsv]
2025-08-07 13:40:48  <--  [200] POST http://localhost:3001/api/stripe/webhook [evt_1RtRFbFLC53EHCR602J8X3GV]
2025-08-07 13:40:48  <--  [200] POST http://localhost:3001/api/stripe/webhook [evt_3RtRFZFLC53EHCR61U7aaTsv]
2025-08-07 13:40:48   --> payment_intent.created [evt_3RtRFZFLC53EHCR61oC8fSVj]
2025-08-07 13:40:48  <--  [200] POST http://localhost:3001/api/stripe/webhook [evt_3RtRFZFLC53EHCR61oC8fSVj]
2025-08-07 13:40:50   --> charge.updated [evt_3RtRFZFLC53EHCR61GW8pAfQ]
2025-08-07 13:40:50  <--  [200] POST http://localhost:3001/api/stripe/webhook [evt_3RtRFZFLC53EHCR61GW8pAfQ]
2025-08-07 13:41:19   --> invoice_payment.paid [evt_1RtRG7FLC53EHCR6V5W4jbwV]
2025-08-07 13:41:19  <--  [200] POST http://localhost:3001/api/stripe/webhook [evt_1RtRG7FLC53EHCR6V5W4jbwV]
2025-08-07 13:44:01   --> payment_method.attached [evt_1RtRIjFLC53EHCR68OwUq08S]
2025-08-07 13:44:01   --> customer.created [evt_1RtRIjFLC53EHCR65CBM8Gd7]
2025-08-07 13:44:02   --> product.created [evt_1RtRIjFLC53EHCR6xXDQEcLv]
2025-08-07 13:44:02   --> plan.created [evt_1RtRIkFLC53EHCR6T7cI5nW4]
2025-08-07 13:44:02   --> price.created [evt_1RtRIkFLC53EHCR6RXL9FkOq]
2025-08-07 13:44:03  <--  [200] POST http://localhost:3001/api/stripe/webhook [evt_1RtRIjFLC53EHCR65CBM8Gd7]
2025-08-07 13:44:03  <--  [200] POST http://localhost:3001/api/stripe/webhook [evt_1RtRIjFLC53EHCR6xXDQEcLv]
2025-08-07 13:44:03  <--  [200] POST http://localhost:3001/api/stripe/webhook [evt_1RtRIkFLC53EHCR6T7cI5nW4]
2025-08-07 13:44:03  <--  [200] POST http://localhost:3001/api/stripe/webhook [evt_1RtRIkFLC53EHCR6RXL9FkOq]
2025-08-07 13:44:04  <--  [200] POST http://localhost:3001/api/stripe/webhook [evt_1RtRIjFLC53EHCR68OwUq08S]
2025-08-07 13:44:05   --> charge.succeeded [evt_3RtRIlFLC53EHCR61clxAsDc]
2025-08-07 13:44:05  <--  [200] POST http://localhost:3001/api/stripe/webhook [evt_3RtRIlFLC53EHCR61clxAsDc]
2025-08-07 13:44:05   --> customer.updated [evt_1RtRInFLC53EHCR6WwLRAuKM]
2025-08-07 13:44:05  <--  [200] POST http://localhost:3001/api/stripe/webhook [evt_1RtRInFLC53EHCR6WwLRAuKM]
2025-08-07 13:44:05   --> customer.subscription.created [evt_1RtRInFLC53EHCR6KDWgbpr6]
2025-08-07 13:44:05   --> payment_intent.succeeded [evt_3RtRIlFLC53EHCR61W0ybHs8]
2025-08-07 13:44:05  <--  [200] POST http://localhost:3001/api/stripe/webhook [evt_3RtRIlFLC53EHCR61W0ybHs8]
2025-08-07 13:44:05   --> payment_intent.created [evt_3RtRIlFLC53EHCR61PuTeluv]
2025-08-07 13:44:05  <--  [200] POST http://localhost:3001/api/stripe/webhook [evt_3RtRIlFLC53EHCR61PuTeluv]
2025-08-07 13:44:05  <--  [200] POST http://localhost:3001/api/stripe/webhook [evt_1RtRInFLC53EHCR6KDWgbpr6]
2025-08-07 13:44:05   --> invoice.created [evt_1RtRInFLC53EHCR6PbCnGJmk]
2025-08-07 13:44:05  <--  [200] POST http://localhost:3001/api/stripe/webhook [evt_1RtRInFLC53EHCR6PbCnGJmk]
2025-08-07 13:44:06   --> invoice.finalized [evt_1RtRInFLC53EHCR6vA3ppZ4Z]
2025-08-07 13:44:06  <--  [200] POST http://localhost:3001/api/stripe/webhook [evt_1RtRInFLC53EHCR6vA3ppZ4Z]
2025-08-07 13:44:06   --> invoice.paid [evt_1RtRInFLC53EHCR6TmbwfXzP]
2025-08-07 13:44:06  <--  [200] POST http://localhost:3001/api/stripe/webhook [evt_1RtRInFLC53EHCR6TmbwfXzP]
2025-08-07 13:44:06   --> invoice.payment_succeeded [evt_1RtRIoFLC53EHCR6iMSblj7U]
2025-08-07 13:44:06  <--  [200] POST http://localhost:3001/api/stripe/webhook [evt_1RtRIoFLC53EHCR6iMSblj7U]
2025-08-07 13:44:06   --> customer.subscription.updated [evt_1RtRIoFLC53EHCR6Ssy03v5I]
2025-08-07 13:44:06  <--  [400] POST http://localhost:3001/api/stripe/webhook [evt_1RtRIoFLC53EHCR6Ssy03v5I]
2025-08-07 13:44:14   --> product.created [evt_1RtRIvFLC53EHCR6EgOMIC7U]
2025-08-07 13:44:14  <--  [200] POST http://localhost:3001/api/stripe/webhook [evt_1RtRIvFLC53EHCR6EgOMIC7U]
2025-08-07 13:44:14   --> price.created [evt_1RtRIwFLC53EHCR6EPjzRiu5]
2025-08-07 13:44:14  <--  [200] POST http://localhost:3001/api/stripe/webhook [evt_1RtRIwFLC53EHCR6EPjzRiu5]
2025-08-07 13:44:17   --> charge.succeeded [evt_3RtRIyFLC53EHCR618v84PhL]
2025-08-07 13:44:17  <--  [200] POST http://localhost:3001/api/stripe/webhook [evt_3RtRIyFLC53EHCR618v84PhL]
2025-08-07 13:44:17   --> payment_intent.succeeded [evt_3RtRIyFLC53EHCR61OuqGnaB]
2025-08-07 13:44:17  <--  [200] POST http://localhost:3001/api/stripe/webhook [evt_3RtRIyFLC53EHCR61OuqGnaB]
2025-08-07 13:44:17   --> checkout.session.completed [evt_1RtRIzFLC53EHCR6e9EJEIpA]
2025-08-07 13:44:17  <--  [200] POST http://localhost:3001/api/stripe/webhook [evt_1RtRIzFLC53EHCR6e9EJEIpA]
2025-08-07 13:44:17   --> payment_intent.created [evt_3RtRIyFLC53EHCR610AZWCcA]
2025-08-07 13:44:17  <--  [200] POST http://localhost:3001/api/stripe/webhook [evt_3RtRIyFLC53EHCR610AZWCcA]
2025-08-07 13:44:17   --> invoice_payment.paid [evt_1RtRIzFLC53EHCR6UXVKWKIk]
2025-08-07 13:44:17  <--  [200] POST http://localhost:3001/api/stripe/webhook [evt_1RtRIzFLC53EHCR6UXVKWKIk]
2025-08-07 13:44:19   --> charge.updated [evt_3RtRIyFLC53EHCR61cLuBgpY]
2025-08-07 13:44:19  <--  [200] POST http://localhost:3001/api/stripe/webhook [evt_3RtRIyFLC53EHCR61cLuBgpY]

